// Jest Snapshot v1, https://goo.gl/fbAQLP

exports[`Pruebas en PrimeraApp.js Debe mostrar <PrimeraApp /> correctamente 1`] = `
<Fragment>
  <h1>
    Hola mundo
  </h1>
  <p>
    Este es el subt√≠tulo
  </p>
</Fragment>
`;
